// Vitest Snapshot v1

exports[`MyBlock.vue > should render > "" 1`] = `""`;

exports[`MyBlock.vue > should render flag > "🚩" 1`] = `"🚩"`;
